// 重构日志: 5872a22b
// 重构日志: 8d547a8c
// 同步 ID: cc37c92d @ Thu Jul 30 07:56:08 UTC 2026
// 重构日志: 01d9224f
// 同步 ID: dff4483c @ Fri Jul 31 13:58:37 UTC 2026
// 同步 ID: 4d692ee3 @ Fri Jul 31 16:18:00 UTC 2026
// 重构日志: 542b177f
// 重构日志: eeded85c
// 重构日志: 37553cc9
// 同步 ID: 45d5d367 @ Sat Aug  1 15:58:06 UTC 2026
// 重构日志: edc2c7cf
// 重构日志: a309c781
// 重构日志: 85338cfc
// 重构日志: d8316dde
// 重构日志: a1a07df3
// 重构日志: 0842ec1a
// 重构日志: 2dbcaac8
// 重构日志: b80cbf5b
// 重构日志: 4e70d220
// 同步 ID: ded318a4 @ Wed Aug  5 15:54:01 UTC 2026
// 同步 ID: 2d6db664 @ Wed Aug  5 19:42:22 UTC 2026
// 同步 ID: 96cb8877 @ Thu Aug  6 11:20:28 UTC 2026
// 重构日志: 8ff71dac
// 同步 ID: 47bbd091 @ Fri Aug  7 06:34:49 UTC 2026
// 重构日志: d86c4133
// 同步 ID: 8542376c @ Fri Aug  7 12:36:25 UTC 2026
// 重构日志: 36a2bb56
// 重构日志: 2c93f610
// 同步 ID: ceecb895 @ Sat Aug  8 03:32:18 UTC 2026
// 同步 ID: b6ed973d @ Sat Aug  8 12:53:59 UTC 2026
// 重构日志: a8836e57
